// Jest Snapshot v1, https://goo.gl/fbAQLP

exports[`should render ExpenseListItem with expenses 1`] = `
<div>
  <h3>
    <Link
      replace={false}
      to="/edit/1"
    >
      description: 
      Gum
    </Link>
  </h3>
  <p>
    note: 
  </p>
  <p>
    amount: 
    195
     - createAt: 
    0
  </p>
</div>
`;
